// Jest Snapshot v1, https://goo.gl/fbAQLP

exports[`render footer section 1`] = `
<body>
  <div
    id="containeer"
  />
  <div>
    <section
      id="Skills"
      style="background: rgb(37, 63, 80); color: white; padding: 132px 0px;"
    >
      <div
        class="MuiContainer-root MuiContainer-maxWidthLg MuiContainer-fixed css-1ss2ei0-MuiContainer-root"
      >
        <div>
          <h2>
            Skills
          </h2>
          <div>
            <ul
              class="skills-container"
            >
              <li
                class="skill-card"
              >
                <div
                  class="circle"
                  style="--present: 95;"
                >
                  <div
                    class="dot"
                  />
                  <svg>
                    <circle
                      cx="70"
                      cy="70"
                      r="70"
                    />
                    <circle
                      cx="70"
                      cy="70"
                      r="70"
                      style="stroke-dashoffset: calc(440 - (440 * 95 /100));"
                    />
                  </svg>
                  <div
                    class="skill-details"
                  >
                    <p>
                      HTML
                    </p>
                    <p>
                      95
                      %
                    </p>
                  </div>
                </div>
              </li>
              <li
                class="skill-card"
              >
                <div
                  class="circle"
                  style="--present: 85;"
                >
                  <div
                    class="dot"
                  />
                  <svg>
                    <circle
                      cx="70"
                      cy="70"
                      r="70"
                    />
                    <circle
                      cx="70"
                      cy="70"
                      r="70"
                      style="stroke-dashoffset: calc(440 - (440 * 85 /100));"
                    />
                  </svg>
                  <div
                    class="skill-details"
                  >
                    <p>
                      CSS
                    </p>
                    <p>
                      85
                      %
                    </p>
                  </div>
                </div>
              </li>
              <li
                class="skill-card"
              >
                <div
                  class="circle"
                  style="--present: 90;"
                >
                  <div
                    class="dot"
                  />
                  <svg>
                    <circle
                      cx="70"
                      cy="70"
                      r="70"
                    />
                    <circle
                      cx="70"
                      cy="70"
                      r="70"
                      style="stroke-dashoffset: calc(440 - (440 * 90 /100));"
                    />
                  </svg>
                  <div
                    class="skill-details"
                  >
                    <p>
                      JavaScript
                    </p>
                    <p>
                      90
                      %
                    </p>
                  </div>
                </div>
              </li>
              <li
                class="skill-card"
              >
                <div
                  class="circle"
                  style="--present: 75;"
                >
                  <div
                    class="dot"
                  />
                  <svg>
                    <circle
                      cx="70"
                      cy="70"
                      r="70"
                    />
                    <circle
                      cx="70"
                      cy="70"
                      r="70"
                      style="stroke-dashoffset: calc(440 - (440 * 75 /100));"
                    />
                  </svg>
                  <div
                    class="skill-details"
                  >
                    <p>
                      React.js
                    </p>
                    <p>
                      75
                      %
                    </p>
                  </div>
                </div>
              </li>
              <li
                class="skill-card"
              >
                <div
                  class="circle"
                  style="--present: 70;"
                >
                  <div
                    class="dot"
                  />
                  <svg>
                    <circle
                      cx="70"
                      cy="70"
                      r="70"
                    />
                    <circle
                      cx="70"
                      cy="70"
                      r="70"
                      style="stroke-dashoffset: calc(440 - (440 * 70 /100));"
                    />
                  </svg>
                  <div
                    class="skill-details"
                  >
                    <p>
                      Redux.js
                    </p>
                    <p>
                      70
                      %
                    </p>
                  </div>
                </div>
              </li>
              <li
                class="skill-card"
              >
                <div
                  class="circle"
                  style="--present: 70;"
                >
                  <div
                    class="dot"
                  />
                  <svg>
                    <circle
                      cx="70"
                      cy="70"
                      r="70"
                    />
                    <circle
                      cx="70"
                      cy="70"
                      r="70"
                      style="stroke-dashoffset: calc(440 - (440 * 70 /100));"
                    />
                  </svg>
                  <div
                    class="skill-details"
                  >
                    <p>
                      Node.js
                    </p>
                    <p>
                      70
                      %
                    </p>
                  </div>
                </div>
              </li>
              <li
                class="skill-card"
              >
                <div
                  class="circle"
                  style="--present: 70;"
                >
                  <div
                    class="dot"
                  />
                  <svg>
                    <circle
                      cx="70"
                      cy="70"
                      r="70"
                    />
                    <circle
                      cx="70"
                      cy="70"
                      r="70"
                      style="stroke-dashoffset: calc(440 - (440 * 70 /100));"
                    />
                  </svg>
                  <div
                    class="skill-details"
                  >
                    <p>
                      Exprees.js
                    </p>
                    <p>
                      70
                      %
                    </p>
                  </div>
                </div>
              </li>
              <li
                class="skill-card"
              >
                <div
                  class="circle"
                  style="--present: 70;"
                >
                  <div
                    class="dot"
                  />
                  <svg>
                    <circle
                      cx="70"
                      cy="70"
                      r="70"
                    />
                    <circle
                      cx="70"
                      cy="70"
                      r="70"
                      style="stroke-dashoffset: calc(440 - (440 * 70 /100));"
                    />
                  </svg>
                  <div
                    class="skill-details"
                  >
                    <p>
                      MongooDB
                    </p>
                    <p>
                      70
                      %
                    </p>
                  </div>
                </div>
              </li>
              <li
                class="skill-card"
              >
                <div
                  class="circle"
                  style="--present: 75;"
                >
                  <div
                    class="dot"
                  />
                  <svg>
                    <circle
                      cx="70"
                      cy="70"
                      r="70"
                    />
                    <circle
                      cx="70"
                      cy="70"
                      r="70"
                      style="stroke-dashoffset: calc(440 - (440 * 75 /100));"
                    />
                  </svg>
                  <div
                    class="skill-details"
                  >
                    <p>
                      Mongoose.js
                    </p>
                    <p>
                      75
                      %
                    </p>
                  </div>
                </div>
              </li>
              <li
                class="skill-card"
              >
                <div
                  class="circle"
                  style="--present: 60;"
                >
                  <div
                    class="dot"
                  />
                  <svg>
                    <circle
                      cx="70"
                      cy="70"
                      r="70"
                    />
                    <circle
                      cx="70"
                      cy="70"
                      r="70"
                      style="stroke-dashoffset: calc(440 - (440 * 60 /100));"
                    />
                  </svg>
                  <div
                    class="skill-details"
                  >
                    <p>
                      SQL
                    </p>
                    <p>
                      60
                      %
                    </p>
                  </div>
                </div>
              </li>
              <li
                class="skill-card"
              >
                <div
                  class="circle"
                  style="--present: 60;"
                >
                  <div
                    class="dot"
                  />
                  <svg>
                    <circle
                      cx="70"
                      cy="70"
                      r="70"
                    />
                    <circle
                      cx="70"
                      cy="70"
                      r="70"
                      style="stroke-dashoffset: calc(440 - (440 * 60 /100));"
                    />
                  </svg>
                  <div
                    class="skill-details"
                  >
                    <p>
                      C++
                    </p>
                    <p>
                      60
                      %
                    </p>
                  </div>
                </div>
              </li>
              <li
                class="skill-card"
              >
                <div
                  class="circle"
                  style="--present: 80;"
                >
                  <div
                    class="dot"
                  />
                  <svg>
                    <circle
                      cx="70"
                      cy="70"
                      r="70"
                    />
                    <circle
                      cx="70"
                      cy="70"
                      r="70"
                      style="stroke-dashoffset: calc(440 - (440 * 80 /100));"
                    />
                  </svg>
                  <div
                    class="skill-details"
                  >
                    <p>
                      Virsion control
                    </p>
                    <p>
                      80
                      %
                    </p>
                  </div>
                </div>
              </li>
            </ul>
          </div>
        </div>
      </div>
    </section>
  </div>
</body>
`;
